
 Start  Stop   Length Name               Class              Group

 00000H 0000FH 0000FH PROC_TEXT          CODE               (none)
 00010H 00091H 00081H ENTERCODE          CODE               (none)
 000A0H 06E60H 06DC0H _TEXT              CODE               (none)
 06E60H 06E79H 00019H _INIT              INIT_CODE          (none)
 06E80H 06E82H 00002H EMU_STATE          DATA               DGROUP 
 06E82H 0711DH 0029BH _CONST             DATA               DGROUP 
 0711DH 072ECH 001CFH _DATA              DATA               DGROUP 
 072ECH 072EDH 00001H BSS_START          BSS                DGROUP 
 072EDH 072EDH 00000H CONST              CONST              DGROUP 
 072EDH 09535H 02248H _BSS               BSS                DGROUP 
 09535H 09535H 00000H BSS_END            BSS                DGROUP 
 09535H 09536H 00001H NEAR_STACK         BSS                DGROUP 
 09536H 09536H 00000H NEAR_HEAP          BSS                DGROUP 
 09540H 0D540H 04000H STACK              STACK              (none)

  Address         Publics by Value

 0000:0000       __set_machine_id
 0000:000E       @MachineId
 000A:0920       IOctl$GetDeviceData
 000A:0956       IOctl$DeviceIs
 000A:096C       DosUtil$FileIsConOut
 000A:0978       _exit
 000A:0994       __InitLoop
 000A:0A0C       __Term2
 000A:0A3D       __cleanup
 000A:0A60       __InitLink
 000A:0A78       __InitReset
 000A:0A96       __InitSetup
 000A:0AFD       __getheapbase
 000A:0B25       __osversion
 000A:0B57       __setargv
 000A:0C0F       __exit
 000A:0C52       __real_pdef
 000A:0C52       __real_sdef
 000A:0C5B       __startup
 000A:0CF0       $Stage2
 000A:0D35       __fp_0
 000A:0D47       @InProgramFlag
 000A:0D48       @StopProgramFlag
 000A:0D49       __errno__
 000A:0D4F       __ioerr
 000A:0D65       __FatalErrorPos
 000A:0D6F       __FatalError
 000A:0E7A       @DosInterrupt
 000A:0F15       @ResetBreakInterrupt
 000A:0F3F       @SetBreakInterrupt
 000A:0FB1       @UserBreak
 000A:0FD4       _EnableBreakCheck
 000A:0FDA       _DisableBreakCheck
 000A:1002       __SigInit
 000A:101D       N$StdRet
 000A:1027       N$SgnDiv
 000A:10E0       N$UnsDiv
 000A:1167       N$SgnRem
 000A:1213       N$UnsRem
 000A:12A0       N$UnsMul
 000A:12E4       N$ULngShr
 000A:12EF       N$CnsStk
 000A:12F5       N$CnsPtr
 000A:12FB       N$CnsIdx
 000A:1301       N$CnsOvr
 000A:1307       N$CnsRng
 000A:130D       N$CnsRet
 000A:1313       N$CnsCase
 000A:1319       N$CnsDiv
 000A:131F       N$CnsPVC
 000A:1358       __initm
 000A:1364       $initm
 000A:1368       $initm2
 000A:13BF       $go
 000A:1452       __DelayFactor
 000A:1454       __Iter
 000A:1456       __Count
 000A:1458       __initio
 000A:1560       _delay
 000A:158D       __read
 000A:15A5       __write
 000A:15BD       _lseek
 000A:15D4       _tell
 000A:15F0       __ScrnAddr
 000A:15F4       __ActPag
 000A:15F5       __IsColor
 000A:15F6       __IsSnow
 000A:15F7       __bufferwrite
 000A:161A       __getscreendepth
 000A:1634       __palxlat
 000A:167E       __buffertoscreen
 000A:16D9       __activepage
 000A:16DF       __initscreentype
 000A:174B       $OutWord
 000A:1754       __pixeladdrEGA
 000A:177A       __pixeladdrEGA2
 000A:17A1       __pixeladdrHerc
 000A:17E2       __pixeladdr320x200
 000A:17F2       __pixeladdr640x200
 000A:1804       __hclip
 000A:1835       __lclip
 000A:19A2       __CGA640HLine
 000A:1A19       __CGA320HLine
 000A:1A92       __HercHLine
 000A:1B09       __EGAHLine
 000A:1BC6       __EGA2HLine
 000A:1C43       __VGAHLine
 000A:1D14       __VGALine
 000A:1D95       __VGAleftscan
 000A:1DAF       __VGArightscan
 000A:1F1F       __CGA640Line
 000A:2106       __CGA320Line
 000A:2281       __HercLine
 000A:247A       __EGALine
 000A:272E       __EGA2Line
 000A:27D6       __VGAPoint
 000A:27EC       __VGAGet
 000A:2840       __VGAPut
 000A:28FD       __EGAGet
 000A:29AC       __EGAPoint
 000A:2A0D       __EGA2Point
 000A:2A3B       __EGAxlat
 000A:2A4C       __EGAPlot1
 000A:2A4F       __EGAPlot
 000A:2AAA       __EGA2Plot
 000A:2AD9       __EGAPut
 000A:2C8B       __EGAleftscan
 000A:2CF0       __EGArightscan
 000A:2D6F       __CGA320Get
 000A:2DA9       __CGA640Get
 000A:2F4F       __CGA320Put
 000A:2F60       __CGA640Put
 000A:2FDA       __CGA320leftscan
 000A:301D       __CGA320rightscan
 000A:3093       __CGA640leftscan
 000A:30CF       __CGA640rightscan
 000A:3143       __HercGet
 000A:331F       __HercPut
 000A:33AB       __gcur
 000A:33C1       __setbiosmode
 000A:33CD       __getvideomode
 000A:33D4       __FindPS2
 000A:3429       __FindEGA
 000A:3455       __FindCGA
 000A:3465       __FindMono
 000A:3522       __getsystem
 000A:3564       __getmemory
 000A:3573       __clear_blink
 000A:357B       __gdummy
 000A:357C       __setcur
 000A:3587       __resetEGA
 000A:35F1       __setbc
 000A:35F6       __setr10
 000A:3601       __restore_mode
 000A:36E6       Window$Open
 000A:379A       Window$SetFrame
 000A:37E7       Window$Use
 000A:38AC       Window$PutOnTop
 000A:3932       Window$ObscuredAt
 000A:39B6       Window$Clear
 000A:3A3F       Window$CursorOn
 000A:3A90       Window$CursorOff
 000A:484C       FIO$GetPos
 000A:494E       FIO$Seek
 000A:4A1B       FIO$AssignBuffer
 000A:4B28       FIO$Flush
 000A:4BD0       FIO$WrStr
 000A:4BF5       FIO$WrBin
 000A:50A5       Lib$Terminate
 000A:50B2       Lib$Fill
 000A:50C4       Lib$WordFill
 000A:50CF       Lib$FarWordFill
 000A:50DA       Str$Caps
 000A:50F7       Str$Length
 000A:510F       Str$Compare
 000A:515C       Str$Append
 000A:518F       Str$Copy
 000A:51D5       Standard$HALT
 000A:51DD       Lib$InternalDelay
 000A:51E1       Lib$InternalEnableBreakCheck
 000A:51E7       @LoadRegisters
 000A:5204       @SaveRegisters
 000A:522D       Lib$Dos
 000A:5287       Lib$Intr
 000A:52D0       Lib$FarMove
 000A:52D0       Lib$Move
 000A:534D       Str$IntToStr
 000A:543A       Str$CardToStr
 000A:5587       Lib$ParamStr
 000A:55B7       Lib$SysErrno
 000A:55C6       Lib$EnableBreakCheck
 000A:55CA       Lib$FatalError
 000A:55E0       Lib$Delay
 000A:5699       IO$WrChar
 000A:56BE       IO$WrInt
 000A:5703       IO$WrLngInt
 000A:573F       IO$WrCharRep
 000A:5786       IO$WrStr
 000A:578B       IO$WrStrAdj
 000A:5852       IO$WrLn
 000A:5873       IO$RdLn
 000A:587C       IO$RdKey
 000A:5982       Graph$TextMode
 000A:598F       Graph$Plot
 000A:59B4       Graph$InitGraph
 000A:5B19       Graph$SetVideoMode
 000A:5C49       Graph$SetActivePage
 000A:5C69       Graph$SetVisualPage
 000A:69F0       __exit1
 000A:69F0       __initwin
 000A:69F0       __initmt
 000A:69F0       __setvideomode
 000A:69F0       __init_dummy
 000A:69F1       __initgraph
 000A:69F2       _AdjustMem
 000A:6A18       __getheapmem
 000A:6A67       Storage$FarAllocate
 000A:6ABE       Storage$FarMakeHeap
 000A:6B21       Storage$FarHeapAllocate
 000A:6DA7       __FloatInit
 000A:6DB1       __FloatRestore
 000A:6DB1       __FloatFinish
 000A:6DB1       __FloatSave
 000A:6DB1       __FloatJmpSave
 000A:6DB1       __FloatLoadCW
 000A:6DB1       __FloatJmpRestore
 000A:6DB1       __FloatStoreCW
 000A:6DB1       __FloatMathExcepDos
 000A:6DB1       __FloatStoreSW
 000A:6DB1       __FloatExecSave
 000A:6DB1       __FloatInitInstance
 000A:6DB1       __FloatExecRestore
 000A:6DB6       __FloatMathExcepOs2
 06E8:0081       _main
 06E8:0091       IOctl$
 06E8:0099       DosUtil$
 06E8:00A3       Window@FullScreenDef
 06E8:00CB       Window$
 06E8:017D       FIO$
 06E8:0185       MATHLIB$
 06E8:018D       SYSTEM$
 06E8:01A2       Str$
 06E8:01AD       Lib$
 06E8:01D9       IO$
 06E8:026A       Graph$
 06E8:0295       Storage$
 06E8:02A5       __initx
 06E8:02AE       @InitCalled
 06E8:02B0       @InitGrandTotal
 06E8:02B2       @InitCurrent
 06E8:02B4       @InitRecPointer
 06E8:02B8       @InitPointer
 06E8:02BC       @StackContextSP
 06E8:02BE       @StackContextBP
 06E8:02C0       @InitPriority
 06E8:02C1       __exit_ptr
 06E8:02C5       __exit_top
 06E8:02C9       standard@haltChain
 06E8:02CB       __farstack
 06E8:02CD       __sp_temp
 06E8:02CF       __ss_temp
 06E8:02D1       _x_initx
 06E8:02D5       _x_bss_end
 06E8:02D7       _x_bss_start
 06E8:02D9       __psp
 06E8:02DB       __env
 06E8:02DD       __heap_base
 06E8:02DF       __main_args
 06E8:02E1       __env_init
 06E8:02E3       __arg_init
 06E8:02E5       STKHQQ
 06E8:02E5       __stklen
 06E8:02E7       __SSisDS
 06E8:02E9       __far_ss
 06E8:02EB       __x_near_stack_start
 06E8:02ED       __heap_size
 06E8:02EF       __osmode
 06E8:02F1       _x_main
 06E8:02F5       __stk_base
 06E8:02F7       @InitChain
 06E8:02FB       __argc
 06E8:035D       __open_max
 06E8:037D       __iosetup
 06E8:037F       __doserrno
 06E8:0383       __DelayTag
 06E8:0387       __wfu
 06E8:038B       __get
 06E8:038D       __put
 06E8:038F       __hscan
 06E8:0391       __plot
 06E8:0393       __point
 06E8:0395       __hline
 06E8:0397       __line
 06E8:0399       __text_br
 06E8:039D       __fill_mask
 06E8:03A5       __current_linestyle
 06E8:03A7       __EGAScreen
 06E8:03AB       __EGAStartPlane
 06E8:03AD       __EGAPlaneShift
 06E8:0432       __TestSequence
 06E8:0435       __EGAflag
 06E8:0438       __CGAflag
 06E8:043B       __Monoflag
 06E8:045E       __defaultmode
 06E8:0464       SPAWN$
 06E8:046C       __bss_start
 06E8:046C       _edata
 06E8:1B48       IOctl@DosError
 06E8:1B4A       __argbuf
 06E8:1C0A       __hugeshift
 06E8:1C0C       __osmajor
 06E8:1C0E       __osminor
 06E8:1C10       __exit_stk
 06E8:1C50       @ExitCode
 06E8:1C52       __exit_io
 06E8:1C54       __exit_file
 06E8:1C56       __exit_tmp
 06E8:1C58       __exit_proc
 06E8:1C5C       __real_in
 06E8:1C5E       __real_out
 06E8:1C60       __sigsetup
 06E8:1C62       __exitbreak
 06E8:1C66       __exitsig
 06E8:1C68       __exitgraph
 06E8:1C6A       __fmodmemsetup
 06E8:1C6B       __fmemsetup
 06E8:1C6C       __res_mem
 06E8:1C6E       __fix_mem
 06E8:1C70       __shr_mem
 06E8:1C72       __argv
 06E8:1CF2       CoreSig@CnsHandler
 06E8:1CF6       @RecursiveExit
 06E8:1CF8       _errno
 06E8:1CFA       __pmd_stub
 06E8:1CFE       __iob
 06E8:1EDE       __openfd
 06E8:1F06       _BufInf
 06E8:2556       __fullscreen
 06E8:255A       __uselist
 06E8:255E       __windowstack
 06E8:2562       __cursorstack
 06E8:2566       __multip
 06E8:2567       __winsetup
 06E8:2568       __cursorlines
 06E8:256A       __lastmode
 06E8:256C       __depth
 06E8:256E       __width
 06E8:2570       __current_video
 06E8:2586       __origin
 06E8:258A       __clip_tl
 06E8:258E       __clip_br
 06E8:2592       __current_graph
 06E8:2596       __text_tl
 06E8:259A       __current_text
 06E8:259E       __active_page
 06E8:25A0       __visual_page
 06E8:25A2       __page_size
 06E8:25A4       __fgcolor
 06E8:25A6       __mode_changed
 06E8:25A8       __txcolor
 06E8:25AA       __cursor_lock
 06E8:25AC       __scr_attr
 06E8:25AE       __current_mask
 06E8:25B2       __EGA64K
 06E8:25B3       __cursor_state
 06E8:25B4       __wrap_state
 06E8:25B5       __display_state
 06E8:25B6       __EGAtranslate
 06E8:25B8       __bkcolor
 06E8:25BC       Window@FullScreen
 06E8:25C0       Window@CurrentScreenDepth
 06E8:25EF       FIO@IOcheck
 06E8:25F0       FIO@EOF
 06E8:25F1       FIO@ShareMode
 06E8:25F3       FIO@Separators
 06E8:2613       FIO@OK
 06E8:2614       FIO@ChopOff
 06E8:2615       FIO@Eng
 06E8:2616       FIO@PrefixChar
 06E8:2617       FIO@SuffixChar
 06E8:261A       SYSTEM@HeapBase
 06E8:261D       Lib@NilStr
 06E8:261E       Lib@RunTimeError
 06E8:2620       Lib@ExecSearchPath
 06E8:2621       Lib@PSP
 06E8:2623       Lib@CommandLine
 06E8:262B       IO@RdLnOnWr
 06E8:262C       IO@Prompt
 06E8:262D       IO@InputRedirected
 06E8:262E       IO@OutputRedirected
 06E8:262F       IO@WrStrRedirect
 06E8:2631       IO@RdStrRedirect
 06E8:2633       IO@Separators
 06E8:2653       IO@OK
 06E8:2654       IO@ChopOff
 06E8:2655       IO@Eng
 06E8:2656       IO@PrefixChar
 06E8:2657       IO@SuffixChar
 06E8:265D       Graph@Width
 06E8:265F       Graph@Depth
 06E8:2661       Graph@NumColor
 06E8:2663       Graph@FillState
 06E8:26A7       Storage@MainHeap
 06E8:26AB       Storage@NearHeap
 06E8:26AD       Storage@ClearOnAllocate
 06E8:26AE       Storage@Check
 06E8:26B5       __near_stack_start
 06E8:26B5       _end
 06E8:26B5       __bss_end

Program entry point at 0001:0000
