
 Start  Stop   Length Name               Class              Group

 00000H 00011H 00011H PROC_TEXT          CODE               (none)
 00020H 000A1H 00081H ENTERCODE          CODE               (none)
 000B0H 0531AH 0526AH _TEXT              CODE               (none)
 05320H 07459H 02139H EMU_TEXT           EMU_CODE           (none)
 07460H 07479H 00019H _INIT              INIT_CODE          (none)
 07480H 074AFH 0002FH EMU_INITSTATE      FAR_DATA           (none)
 074B0H 0769AH 001EAH EMU_STATE          DATA               DGROUP 
 0769AH 078B8H 0021EH _CONST             DATA               DGROUP 
 078B8H 07AF7H 0023FH _DATA              DATA               DGROUP 
 07AF7H 07AF8H 00001H BSS_START          BSS                DGROUP 
 07AF8H 07AF8H 00000H CONST              CONST              DGROUP 
 07AF8H 08FB8H 014C0H _BSS               BSS                DGROUP 
 08FB8H 08FB8H 00000H BSS_END            BSS                DGROUP 
 08FB8H 08FB9H 00001H NEAR_STACK         BSS                DGROUP 
 08FB9H 08FB9H 00000H NEAR_HEAP          BSS                DGROUP 
 08FC0H 0CFC0H 04000H STACK              STACK              (none)

  Address         Publics by Value

 0000:0000       __set_machine_id
 0000:000E       @MachineId
 0000:000F       @Save8087
 000B:03B7       _exit
 000B:03D3       __InitLoop
 000B:044B       __Term2
 000B:047C       __cleanup
 000B:049F       __InitLink
 000B:04B7       __InitReset
 000B:04D5       __InitSetup
 000B:053C       __getheapbase
 000B:0564       __osversion
 000B:0596       __setargv
 000B:064E       __exit
 000B:0691       __startup
 000B:0726       $Stage2
 000B:076B       __fp_1
 000B:07A0       @InProgramFlag
 000B:07A1       @StopProgramFlag
 000B:07A2       __seterrno
 000B:07A6       __errno__
 000B:07AC       __ioerr
 000B:07C2       __sysmsg
 000B:07E1       __FatalErrorPos
 000B:07EB       __FatalError
 000B:08F6       @DosInterrupt
 000B:0934       __SigInit
 000B:09AB       __initsig
 000B:0A36       __sigIgnore
 000B:0A37       __sigDefault
 000B:0A7E       __sig23
 000B:0AA4       __sigFp_AT
 000B:0AB8       __sigFp
 000B:0AF0       _signal
 000B:0B2F       _raise
 000B:0B54       __table_raise
 000B:0BBA       __report_math_error
 000B:0CE5       _atan
 000B:0CE5       _atanl
 000B:0D31       _sqrt
 000B:0D31       _sqrtl
 000B:0D51       _acos
 000B:0D51       _acosl
 000B:0DA7       __math_excep
 000B:0E17       N$StdRet
 000B:0E21       N$UnsMol
 000B:0E21       N$SgnMol
 000B:0E80       N$SgnDiv
 000B:0F39       N$UnsDiv
 000B:0FC0       N$UnsRem
 000B:104D       N$UnsMul
 000B:1091       N$LngShl
 000B:109C       N$ULngShr
 000B:10A7       N$CnsStk
 000B:10AD       N$CnsPtr
 000B:10B3       N$CnsIdx
 000B:10B9       N$CnsOvr
 000B:10BF       N$CnsRng
 000B:10C5       N$CnsRet
 000B:10CB       N$CnsCase
 000B:10D1       N$CnsDiv
 000B:10D7       N$CnsPVC
 000B:1110       __initm
 000B:111C       $initm
 000B:1120       $initm2
 000B:1177       $go
 000B:120A       __DelayFactor
 000B:120C       __Iter
 000B:120E       __Count
 000B:1210       __initio
 000B:1318       _delay
 000B:1345       __read
 000B:135D       __write
 000B:1375       _lseek
 000B:138C       _tell
 000B:13A8       $OutWord
 000B:13B1       __pixeladdrEGA
 000B:13D7       __pixeladdrEGA2
 000B:13FE       __pixeladdrHerc
 000B:143F       __pixeladdr320x200
 000B:144F       __pixeladdr640x200
 000B:1461       __hclip
 000B:1492       __lclip
 000B:15FF       __CGA640HLine
 000B:1676       __CGA320HLine
 000B:16EF       __HercHLine
 000B:1766       __EGAHLine
 000B:1823       __EGA2HLine
 000B:18A0       __VGAHLine
 000B:1971       __VGALine
 000B:19F2       __VGAleftscan
 000B:1A0C       __VGArightscan
 000B:1B7C       __CGA640Line
 000B:1D63       __CGA320Line
 000B:1EDE       __HercLine
 000B:20D7       __EGALine
 000B:238B       __EGA2Line
 000B:2433       __VGAPoint
 000B:2449       __VGAGet
 000B:249D       __VGAPut
 000B:255A       __EGAGet
 000B:2609       __EGAPoint
 000B:266A       __EGA2Point
 000B:2698       __EGAxlat
 000B:26A9       __EGAPlot1
 000B:26AC       __EGAPlot
 000B:2707       __EGA2Plot
 000B:2736       __EGAPut
 000B:28E8       __EGAleftscan
 000B:294D       __EGArightscan
 000B:29CC       __CGA320Get
 000B:2A06       __CGA640Get
 000B:2BAC       __CGA320Put
 000B:2BBD       __CGA640Put
 000B:2C37       __CGA320leftscan
 000B:2C7A       __CGA320rightscan
 000B:2CF0       __CGA640leftscan
 000B:2D2C       __CGA640rightscan
 000B:2DA0       __HercGet
 000B:2F7C       __HercPut
 000B:3008       __txt_out
 000B:3036       __gcur
 000B:304C       __setbiosmode
 000B:3058       __getvideomode
 000B:305F       __FindPS2
 000B:30B4       __FindEGA
 000B:30E0       __FindCGA
 000B:30F0       __FindMono
 000B:31AD       __getsystem
 000B:31EF       __getmemory
 000B:31FE       __clear_blink
 000B:3206       __gdummy
 000B:3207       __setcur
 000B:3212       __resetEGA
 000B:327C       __setbc
 000B:3281       __setr10
 000B:328C       __restore_mode
 000B:3312       FIO$GetPos
 000B:3414       FIO$Seek
 000B:34E1       FIO$Flush
 000B:37DC       Lib$Terminate
 000B:37E9       Lib$Fill
 000B:37FB       Lib$FarWordFill
 000B:3806       Str$Caps
 000B:3823       Str$Length
 000B:383B       Str$Compare
 000B:3888       Str$Append
 000B:38BB       Str$Copy
 000B:3901       Standard$HALT
 000B:3909       Lib$InternalDelay
 000B:390D       @LoadRegisters
 000B:392A       @SaveRegisters
 000B:3953       Lib$Dos
 000B:39AD       Lib$Intr
 000B:3A06       Str$CardToStr
 000B:3B53       Lib$RANDOM
 000B:3BBB       Lib$ParamStr
 000B:3BEB       Lib$ParamCount
 000B:3BF0       Lib$SysErrno
 000B:3BFF       Lib$FatalError
 000B:3C15       Lib$Delay
 000B:3D13       IO$WrStr
 000B:3D18       IO$WrLn
 000B:3D39       IO$RdLn
 000B:3E05       BiosIO$KeyPressed
 000B:3E42       BiosIO$RdKey
 000B:3F4E       Graph$TextMode
 000B:3F5B       Graph$Plot
 000B:3F80       Graph$InitGraph
 000B:40E5       Graph$OutText
 000B:41A3       Graph$SetVideoMode
 000B:42D3       Graph$SetActivePage
 000B:42F3       Graph$SetVisualPage
 000B:434F       Graph$RemapPalette
 000B:5240       __rreal_out
 000B:5240       __rreal_in
 000B:5241       __initmt
 000B:5241       __init_dummy
 000B:5241       __exit1
 000B:5241       __initwin
 000B:5241       __setvideomode
 000B:5242       __initgraph
 0532:0000       __FloatInitStack
 0532:000B       __EmulInitInstance
 0532:00AE       emulate8087
 0532:08F5       __emul_fbstp
 0532:1EF3       QuitException
 0532:1FCE       __FloatInit
 0532:2062       __FloatInitInstance
 0532:2097       __FloatFinish
 0532:20C3       __FloatEmulNMI
 0532:20C8       __FloatMathExcepDos
 0532:20D8       __FloatJmpSave
 0532:20ED       __FloatJmpRestore
 0532:2100       __FloatExecSave
 0532:2112       __FloatExecRestore
 0532:2124       __FloatSave
 0532:212F       __FloatRestore
 074B:0000       emuBuffer
 074B:024A       _main
 074B:0256       IOctl$
 074B:025E       DosUtil$
 074B:02BF       FIO$
 074B:02C7       MATHLIB$
 074B:02CF       SYSTEM$
 074B:02E4       Str$
 074B:02EF       Lib$
 074B:031B       IO$
 074B:0323       BiosIO$
 074B:03F4       Graph$
 074B:0400       Storage$
 074B:0410       __initx
 074B:0419       @InitCalled
 074B:041B       @InitGrandTotal
 074B:041D       @InitCurrent
 074B:041F       @InitRecPointer
 074B:0423       @InitPointer
 074B:0427       @StackContextSP
 074B:0429       @StackContextBP
 074B:042B       @InitPriority
 074B:042C       __exit_ptr
 074B:0430       __exit_top
 074B:0434       standard@haltChain
 074B:0436       __farstack
 074B:0438       __sp_temp
 074B:043A       __ss_temp
 074B:043C       _x_initx
 074B:0440       _x_bss_end
 074B:0442       _x_bss_start
 074B:0444       __psp
 074B:0446       __env
 074B:0448       __heap_base
 074B:044A       __main_args
 074B:044C       __env_init
 074B:044E       __arg_init
 074B:0450       STKHQQ
 074B:0450       __stklen
 074B:0452       __SSisDS
 074B:0454       __far_ss
 074B:0456       __x_near_stack_start
 074B:0458       __heap_size
 074B:045A       __osmode
 074B:045C       _x_main
 074B:0460       __stk_base
 074B:0462       @InitChain
 074B:0466       __argc
 074B:04AE       __NSIG
 074B:053E       __open_max
 074B:055E       __iosetup
 074B:0560       __doserrno
 074B:0564       __DelayTag
 074B:0568       __get
 074B:056A       __put
 074B:056C       __hscan
 074B:056E       __plot
 074B:0570       __point
 074B:0572       __hline
 074B:0574       __line
 074B:0576       __text_br
 074B:057A       __fill_mask
 074B:0582       __current_linestyle
 074B:0584       __EGAScreen
 074B:0588       __EGAStartPlane
 074B:058A       __EGAPlaneShift
 074B:060F       __TestSequence
 074B:0612       __EGAflag
 074B:0615       __CGAflag
 074B:0618       __Monoflag
 074B:063B       __defaultmode
 074B:063F       SPAWN$
 074B:0647       __bss_start
 074B:0647       _edata
 074B:0EA4       __argbuf
 074B:0F64       __hugeshift
 074B:0F66       __osmajor
 074B:0F68       __osminor
 074B:0F6A       __exit_stk
 074B:0FAA       @ExitCode
 074B:0FAC       __exit_io
 074B:0FAE       __exit_file
 074B:0FB0       __exit_tmp
 074B:0FB2       __exit_proc
 074B:0FB6       __real_in
 074B:0FB8       __real_out
 074B:0FBA       __sigsetup
 074B:0FBC       __exitbreak
 074B:0FC0       __exitsig
 074B:0FC2       __exitgraph
 074B:0FC4       __fmemsetup
 074B:0FC5       __argv
 074B:1045       CoreSig@CnsHandler
 074B:1049       __sigTable
 074B:10A5       __vec0
 074B:10A9       __vec2
 074B:10AD       __vec4
 074B:10B1       __vec16
 074B:10B5       __vec23
 074B:10B9       __vec24
 074B:10BD       @RecursiveExit
 074B:10BF       _errno
 074B:10C1       __pmd_stub
 074B:10C5       _matherr
 074B:10C7       __SH_sword
 074B:10C9       __exc_addr
 074B:10CD       __iob
 074B:12AD       __openfd
 074B:12D5       _BufInf
 074B:1925       __lastmode
 074B:1927       __depth
 074B:1929       __width
 074B:192B       __current_video
 074B:1941       __origin
 074B:1945       __clip_tl
 074B:1949       __clip_br
 074B:194D       __current_graph
 074B:1951       __text_tl
 074B:1955       __current_text
 074B:1959       __active_page
 074B:195B       __visual_page
 074B:195D       __page_size
 074B:195F       __fgcolor
 074B:1961       __mode_changed
 074B:1963       __txcolor
 074B:1965       __cursor_lock
 074B:1967       __scr_attr
 074B:1969       __current_mask
 074B:196D       __EGA64K
 074B:196E       __cursor_state
 074B:196F       __wrap_state
 074B:1970       __display_state
 074B:1971       __EGAtranslate
 074B:1973       __bkcolor
 074B:1977       FIO@IOcheck
 074B:1978       FIO@EOF
 074B:1979       FIO@ShareMode
 074B:197B       FIO@Separators
 074B:199B       FIO@OK
 074B:199C       FIO@ChopOff
 074B:199D       FIO@Eng
 074B:199E       FIO@PrefixChar
 074B:199F       FIO@SuffixChar
 074B:19A2       SYSTEM@HeapBase
 074B:19A5       Lib@NilStr
 074B:19A6       Lib@RunTimeError
 074B:19A8       Lib@ExecSearchPath
 074B:19A9       Lib@PSP
 074B:19AB       Lib@CommandLine
 074B:1A21       IO@RdLnOnWr
 074B:1A22       IO@Prompt
 074B:1A23       IO@InputRedirected
 074B:1A24       IO@OutputRedirected
 074B:1A25       IO@WrStrRedirect
 074B:1A27       IO@RdStrRedirect
 074B:1A29       IO@Separators
 074B:1A49       IO@OK
 074B:1A4A       IO@ChopOff
 074B:1A4B       IO@Eng
 074B:1A4C       IO@PrefixChar
 074B:1A4D       IO@SuffixChar
 074B:1A53       BiosIO@LastChar
 074B:1A54       BiosIO@LastScan
 074B:1A55       BiosIO@EnhancedBIOS
 074B:1A56       Graph@Width
 074B:1A58       Graph@Depth
 074B:1A5A       Graph@NumColor
 074B:1A5C       Graph@FillState
 074B:1AA0       Storage@MainHeap
 074B:1AA4       Storage@NearHeap
 074B:1AA6       Storage@ClearOnAllocate
 074B:1AA7       Storage@Check
 074B:1B08       __near_stack_start
 074B:1B08       _end
 074B:1B08       __bss_end

Line numbers for kugel.obj(KUGEL.MOD)
    99 000B:000C   100 000B:0011   103 000B:0020   101 000B:002A
   102 000B:0037   103 000B:0042   105 000B:005B   106 000B:0065
   111 000B:0073   112 000B:0076   116 000B:0083   118 000B:00BF
   119 000B:00C7   120 000B:00CF   120 000B:00D7   121 000B:00E7
   123 000B:00FA   124 000B:0128   125 000B:012D   132 000B:0132
   203 000B:0157   137 000B:0166   144 000B:0174   145 000B:0188
   146 000B:0198   148 000B:01A4   151 000B:01AE   152 000B:01B3
   154 000B:01E3   158 000B:01E4   159 000B:01E8   190 000B:01FB
   191 000B:020A   192 000B:021F   193 000B:0231   194 000B:0244
   195 000B:024D   196 000B:026A   197 000B:027C   198 000B:0292
   133 000B:02AC   134 000B:02C7   136 000B:02CA   136 000B:02E4
   140 000B:02EC   143 000B:0315   162 000B:031F   178 000B:0340
   180 000B:0346   183 000B:0356   185 000B:035C   186 000B:035E
   201 000B:0370   206 000B:037D   207 000B:0381    92 000B:038F
Program entry point at 0002:0000
