56 Knoten gelesen
Knoten 111 -->  112 113 141 223 233 242 323 332 334 342 343 344 414 422 431 433 442
Knoten 112 -->  111 124 132 141 212 221 223 312 333 334 342 343 412 413 443
Knoten 113 -->  111 132 221 314 412 441
Knoten 114 -->  132 214 221 234 314 414 433 442
Knoten 121 -->  123 214 232 233 313 323 331 341 342 412 413 421 431 433 434 442
Knoten 122 -->  123 144 221 312 331 342 411 414 442
Knoten 123 -->  121 122 211 314 412 421 422 423 442 444
Knoten 124 -->  112 131
Knoten 131 -->  124 211 214 343 411 421
Knoten 132 -->  112 113 114 142 214 223 234 314 332 333 343 413 414 433
Knoten 133 -->  221
Knoten 141 -->  111 112 234 312 343 411 414 442
Knoten 142 -->  132 222
Knoten 144 -->  122 214 322 413 433 434
Knoten 211 -->  123 131 223 234 333 342 343 412 422 434 442
Knoten 212 -->  112 312 323 332 333 411 434
Knoten 213 -->  421 422
Knoten 214 -->  114 121 131 132 144 223 312 321 331 333 334 342 411 414 433 434 441 443
Knoten 221 -->  112 113 114 122 133 242 312 314 333 414 431 433
Knoten 222 -->  142 311
Knoten 223 -->  111 112 132 211 214 231 234 312 331 333 342 433 443
Knoten 231 -->  223 232 412 422 423 432
Knoten 232 -->  121 231 312 334 411 412
Knoten 233 -->  111 121 312 321 323 332 421 422 423 431 433 434
Knoten 234 -->  114 132 141 211 223 311 313 314 323 341 414 421 434
Knoten 242 -->  111 221 314 411
Knoten 311 -->  222 234 312 321 341 412 422 433 441 442 443
Knoten 312 -->  112 122 141 212 214 221 223 232 233 311 313 314 322 331 332 333 334 343 422 423 432 433 442
Knoten 313 -->  121 234 312 331 334 341
Knoten 314 -->  113 114 123 132 221 234 242 312 323 333 334 342 411 413 421 422 423 433 434 442
Knoten 321 -->  214 233 311 414 423 432 433 434
Knoten 322 -->  144 312 332 333 341 342 344 423
Knoten 323 -->  111 121 212 233 234 314 331 333 344 421 432 442 444
Knoten 331 -->  121 122 214 223 312 313 323 334 343 411 412 422 431 433 434 443
Knoten 332 -->  111 132 212 233 312 322 411 413 422 434
Knoten 333 -->  112 132 211 212 214 221 223 312 314 322 323 342 412 414 423 431 432 433 434 443
Knoten 334 -->  111 112 214 232 312 313 314 331 344 411 414 431 433 434
Knoten 341 -->  121 234 311 313 322 343 422 432 433 434 444
Knoten 342 -->  111 112 121 122 211 214 223 314 322 333 412 423 432 433 434
Knoten 343 -->  111 112 131 132 141 211 312 331 341 414 422 432 434 442 443
Knoten 344 -->  111 322 323 334 421 434
Knoten 411 -->  122 131 141 212 214 232 242 314 331 332 334 422 431
Knoten 412 -->  112 113 121 123 211 231 232 311 331 333 342 421 433
Knoten 413 -->  112 121 132 144 314 332 414 431 433 444
Knoten 414 -->  111 114 122 132 141 214 221 234 321 333 334 343 413 423 431 432 434 443
Knoten 421 -->  121 123 131 213 233 234 314 323 344 412 423 431 432 433 434 443
Knoten 422 -->  111 123 211 213 231 233 311 312 314 331 332 341 343 411
Knoten 423 -->  123 231 233 312 314 321 322 333 342 414 421 431 433 434 441 442
Knoten 431 -->  111 121 221 233 331 333 334 411 413 414 421 423 433
Knoten 432 -->  231 312 321 323 333 341 342 343 414 421 433 443
Knoten 433 -->  111 114 121 132 144 214 221 223 233 311 312 314 321 331 333 334 341 342 412 413 421 423 431 432 434
Knoten 434 -->  121 144 211 212 214 233 234 314 321 331 332 333 334 341 342 343 344 414 421 423 433
Knoten 441 -->  113 214 311 423
Knoten 442 -->  111 114 121 122 123 141 211 311 312 314 323 343 423 443
Knoten 443 -->  112 214 223 311 331 333 343 414 421 432 442
Knoten 444 -->  123 323 341 413
